src/pages/GeminiAssistant.tsx(4,1): error TS6133: 'Profile' is declared but its value is never read.
